---
source: llm-anthropic/src/stream.rs
expression: events
---
[
  {
    "type": "message_start",
    "model": "claude-sonnet-5"
  },
  {
    "type": "tool_use_start",
    "id": "00000000000000000000000000",
    "name": "read"
  },
  {
    "type": "tool_use_input_delta",
    "text": "{\"path\":\"a.rs\"}"
  },
  {
    "type": "tool_use_end"
  },
  {
    "type": "tool_use_start",
    "id": "00000000000000000000000001",
    "name": "read"
  },
  {
    "type": "tool_use_input_delta",
    "text": "{\"path\":\"b.rs\"}"
  },
  {
    "type": "tool_use_end"
  },
  {
    "type": "stop",
    "stop": {
      "type": "end_turn"
    }
  },
  {
    "type": "usage",
    "usage": {
      "input_tokens": 800,
      "output_tokens": 40,
      "cache_read_tokens": 700,
      "cache_write_tokens": 0,
      "estimated": false,
      "cost_usd": 0.0,
      "latency_ms": 0
    }
  }
]
